2.000000000000
1.666666666667
1.666666666667
3.000000000000
3.000000000000
3.000000000000
3.000000000000
