3.666666666667
2.250000000000
3.666666666667
2.833333333333
2.555555555556
2.666666666667
4.333333333333
2.666666666667
5.333333333333
2.500000000000
2.500000000000
5.000000000000
