a
aa
aq
aqa
aqu
aqua
au
aua
q
qa
qu
qua
u
ua
-1
-1
