eihinieonetwoze
ieonetwoze
onetwoze
etwoze
woze
ze
